This is a test log for support.